[
  {
    "id": "test",
    "orgId": "myOrg",
    "appId": "myApp",
    "userId": "mchiang",
    "name": "differentName",
    "receiver": {},
    "sender": {},
    "deliveryMode": "fire_and_forget"
  },
  {
    "id": "test2",
    "orgId": "myOrg2",
    "appId": "myApp2",
    "userId": "bwolf",
    "name": "myName2",
    "receiver": {},
    "sender": {
      "plugin": "debug",
      "name": "my_debug",
      "config": {
        "key": "value"
      }
    },
    "deliveryMode": "at_least_once"
  }
]