[
  {
    "id": "test3",
    "orgId": "myOrg3",
    "appId": "myApp3",
    "userId": "tgattis",
    "name": "myName3",
    "receiver": {},
    "sender": {
      "plugin": "debug",
      "name": "my_debug",
      "config": {
        "key": "value"
      }
    },
    "deliveryMode": "at_least_once"
  }
]