{
  "status": {
    "code": 200,
    "message": "OK"
  },
  "item": {
    "deliveryMode": "whoCares",
    "filterChain": [
      {
        "config": {
          "path": "."
        },
        "name": "simpleFilterSplitRouteSplitter",
        "plugin": "split"
      }
    ],
    "id": "f108",
    "name": "simpleFilterSplitRoute",
    "receiver": {
      "config": {
        "intervalMs": 10,
        "maxHistory": 100,
        "payload": [
          {
            "foo": "bar"
          },
          {
            "foo": "bar"
          }
        ],
        "rounds": 5
      },
      "name": "simpleFilterSplitRouteReceiver",
      "plugin": "debug"
    },
    "sender": {
      "config": {
        "destination": "stdout",
        "maxHistory": 100
      },
      "name": "simpleFilterSplitRouteSender",
      "plugin": "debug"
    },
    "tenant": {
      "appId": "myapp",
      "orgId": "myorg"
    },
    "userId": "boris"
  }
}