{
  "status": {
    "code": 200,
    "message": "OK"
  },
  "item": {
    "appId": "xfi",
    "deliveryMode": "whoCares",
    "filterChain": [
      {
        "config": {
          "unwrapPath": "a.b.c"
        },
        "name": "simpleFilterLongChainRouteUnwrapper",
        "plugin": "unwrap"
      },
      {
        "config": {
          "splitPath": "."
        },
        "name": "simpleFilterLongChainRouteSplitter",
        "plugin": "split"
      },
      {
        "config": {
          "matcher": "regex",
          "mode": "allow",
          "pattern": "^.*$"
        },
        "name": "simpleFilterLongChainRouteMatchAllow1",
        "plugin": "match"
      },
      {
        "config": {
          "matcher": "regex",
          "mode": "allow",
          "pattern": "^.*$"
        },
        "name": "simpleFilterLongChainRouteMatchAllow2",
        "plugin": "match"
      },
      {
        "config": {
          "matcher": "regex",
          "mode": "allow",
          "pattern": "^.*$"
        },
        "name": "simpleFilterLongChainRouteMatchAllow3",
        "plugin": "match"
      }
    ],
    "id": "f102",
    "name": "tbltstsimpleFilterLongChainRoutesimpleFilterLongChainRoute",
    "orgId": "comcast",
    "receiver": {
      "config": {
        "intervalMs": 10,
        "maxHistory": 100,
        "payload": {
          "a": {
            "b": {
              "c": [
                {
                  "foo": "bar"
                },
                {
                  "foo": "bar"
                }
              ]
            }
          }
        },
        "rounds": 5
      },
      "name": "tbltstsimpleFilterLongChainRoutesimpleFilterLongChainRouteReceiver",
      "plugin": "debug"
    },
    "sender": {
      "config": {
        "destination": "stdout",
        "maxHistory": 100
      },
      "name": "tbltstsimpleFilterLongChainRoutesimpleFilterLongChainRouteSender",
      "plugin": "debug"
    },
    "userId": "boris"
  }
}