{
  "status": {
    "code": 200,
    "message": "OK"
  },
  "item": {
    "deliveryMode": "whoCares",
    "filterChain": [
      {
        "config": {
          "source": "var event = {};\nevent.payload = _.event.payload;\nevent.metadata =  _.event.metadata;\nevent.payload.tag = \"ears\";\n_.logInfo(\"logging info from ears filter\");\nreturn event;"
        },
        "name": "simpleFilterJsRouteFilter",
        "plugin": "js"
      }
    ],
    "id": "f999",
    "name": "tbltstsimpleFilterJsRoutesimpleFilterJsRoute",
    "receiver": {
      "config": {
        "intervalMs": 10,
        "maxHistory": 100,
        "payload": {
          "foo": "bar"
        },
        "rounds": 5
      },
      "name": "tbltstsimpleFilterJsRoutesimpleFilterJsRouteReceiver",
      "plugin": "debug"
    },
    "sender": {
      "config": {
        "destination": "stdout",
        "maxHistory": 100
      },
      "name": "tbltstsimpleFilterJsRoutesimpleFilterJsRouteSender",
      "plugin": "debug"
    },
    "tenant": {
      "appId": "myapp",
      "orgId": "myorg"
    },
    "userId": "boris"
  }
}