{
  "status": {
    "code": 200,
    "message": "OK"
  },
  "item": {
    "appId": "xfi",
    "deliveryMode": "whoCares",
    "filterChain": [
      {
        "config": {
          "splitPath": "a.b.c"
        },
        "name": "SimpleFilterDeepSplitRouteSenderSplitter",
        "plugin": "split"
      }
    ],
    "id": "sfs123",
    "name": "tbltstsimpleDeepSplitRoutesimpleFilterDeepSplitRoute",
    "orgId": "comcast",
    "receiver": {
      "config": {
        "intervalMs": 10,
        "maxHistory": 100,
        "payload": {
          "a": {
            "b": {
              "c": [
                {
                  "foo": "bar"
                },
                {
                  "foo": "bar"
                }
              ]
            }
          }
        },
        "rounds": 5
      },
      "name": "tbltstsimpleDeepSplitRouteSimpleFilterDeepSplitRouteReceiver",
      "plugin": "debug"
    },
    "sender": {
      "config": {
        "destination": "stdout",
        "maxHistory": 100
      },
      "name": "tbltstsimpleDeepSplitRouteSimpleFilterDeepSplitRouteSender",
      "plugin": "debug"
    },
    "userId": "boris"
  }
}