{
  "status": {
    "code": 200,
    "message": "OK"
  },
  "item": {
    "deliveryMode": "whoCares",
    "filterChain": [
      {
        "config": {
          "encoding": "base64",
          "fromPath": ".content"
        },
        "name": "simpleDecodeFilterRouteFilter",
        "plugin": "decode"
      }
    ],
    "id": "decode101",
    "inactive": false,
    "name": "tbltstsimpleFilterDecodeRoutesimpleDecodeFilterRoute",
    "receiver": {
      "config": {
        "intervalMs": 10,
        "maxHistory": 100,
        "payload": {
          "content": "ewogICJldmVudElkIjogIjQ2OGFkZjgwLWRjOWQtMTFlNC05ODlhLTQxZjIzNjQzODk2NSIsCiAgImFjY291bnRJZCI6ICJGRjZBRjBBRDg3M0I0RkVBOTREQzMxQkNDOTkxREIxOCIsCiAgImFkYXB0ZXJJZCI6ICJqYXJ2aXMtbHV0cm9uLWlvdC1hZGFwdGVyIiwKICAiZGV2aWNlSWQiOiAiIiwKICAidHlwZSI6ICJ0eXBlIiwKICAidmFsdWUiOiAibmFtZSIsCiAgInRpbWVzdGFtcCI6IDE0MjgzNTI4Nzc5NDQsCiAgIm5hbWUiOiAibmFtZSIsCiAgInRpdGxlIjogInRpdGxlIiwKICAiZGVzY3JpcHRpb24iOiAib3BlcmF0aW9uIgp9",
          "sequence": 1428352877944,
          "timestamp": 1428352877944,
          "topic": "/iot/FF6AF0AD873B4FEA94DC31BCC991DB18/jarvis-lutron-iot-adapter/command/stateChange"
        },
        "rounds": 5
      },
      "name": "tbltstsimpleFilterDecodeRoutesimpleDecodeFilterRouteReceiver",
      "plugin": "debug"
    },
    "sender": {
      "config": {
        "destination": "stdout",
        "maxHistory": 100
      },
      "name": "tbltstsimpleFilterDecodeRoutesimpleDecodeFilterRouteSender",
      "plugin": "debug"
    },
    "tenant": {
      "appId": "myapp",
      "orgId": "myorg"
    },
    "userId": "boris"
  }
}